2026-03-12 14:35:47 [INFO] root - Logging initialized. Log file: /oscar/data/dharri15/eaguerov/Github/Bubble-tracking/bubbly_flows/data/frames/images_16bit_png/logs/bubble_frst_sam3_20260312_143547.log
2026-03-12 14:35:47 [INFO] __main__ - Single file mode: /oscar/data/dharri15/eaguerov/Github/Bubble-tracking/bubbly_flows/data/frames/images_16bit_png/ZeroG_FlightDay_Test_C1S0014_img009542.png
2026-03-12 14:35:47 [INFO] __main__ - Initializing FRST backend (hf)...
2026-03-12 14:35:55 [INFO] __main__ - --- File 1/1: ZeroG_FlightDay_Test_C1S0014_img009542.png ---
2026-03-12 14:35:55 [INFO] __main__ - Processing: /oscar/data/dharri15/eaguerov/Github/Bubble-tracking/bubbly_flows/data/frames/images_16bit_png/ZeroG_FlightDay_Test_C1S0014_img009542.png
2026-03-12 14:35:55 [DEBUG] PIL.PngImagePlugin - STREAM b'IHDR' 16 13
2026-03-12 14:35:55 [DEBUG] PIL.PngImagePlugin - STREAM b'bKGD' 41 2
2026-03-12 14:35:55 [DEBUG] PIL.PngImagePlugin - b'bKGD' 41 2 (unknown)
2026-03-12 14:35:55 [DEBUG] PIL.PngImagePlugin - STREAM b'orNT' 55 1
2026-03-12 14:35:55 [DEBUG] PIL.PngImagePlugin - b'orNT' 55 1 (unknown)
2026-03-12 14:35:55 [DEBUG] PIL.PngImagePlugin - STREAM b'IDAT' 68 32768
2026-03-12 14:35:55 [DEBUG] PIL.PngImagePlugin - STREAM b'tEXt' 1551613 37
2026-03-12 14:35:55 [DEBUG] PIL.PngImagePlugin - STREAM b'tEXt' 1551662 37
2026-03-12 14:35:55 [DEBUG] PIL.PngImagePlugin - STREAM b'tEXt' 1551711 40
2026-03-12 14:35:55 [DEBUG] PIL.PngImagePlugin - STREAM b'tEXt' 1551763 15
2026-03-12 14:35:55 [DEBUG] PIL.PngImagePlugin - STREAM b'tEXt' 1551790 29
2026-03-12 14:35:55 [DEBUG] PIL.PngImagePlugin - STREAM b'tEXt' 1551831 21
2026-03-12 14:35:56 [INFO] __main__ - FRST detected 435 centers
2026-03-12 14:36:05 [INFO] __main__ - Point pass totals: masks=635 discarded_large=0 (limit=10000 px)
2026-03-12 14:36:06 [INFO] bubbly_flows.tests.src.common.bubble_sam3.postprocess - Consolidation replacements due to containment: 0
2026-03-12 14:36:06 [INFO] __main__ - Instances: FRST=369, ADAPTIVE=0, BIG=0, COMBINED=203
2026-03-12 14:36:06 [INFO] __main__ - Saved FRST to /oscar/data/dharri15/eaguerov/Github/Bubble-tracking/bubbly_flows/tests/output/experiments/validate_2img_seed_v04/validate_frst_only/images/ZeroG_FlightDay_Test_C1S0014_img009542_overlay_frst.png
2026-03-12 14:36:06 [INFO] __main__ - Saved ADAPTIVE to /oscar/data/dharri15/eaguerov/Github/Bubble-tracking/bubbly_flows/tests/output/experiments/validate_2img_seed_v04/validate_frst_only/images/ZeroG_FlightDay_Test_C1S0014_img009542_overlay_blackhat.png
2026-03-12 14:36:06 [INFO] __main__ - Saved BIG to /oscar/data/dharri15/eaguerov/Github/Bubble-tracking/bubbly_flows/tests/output/experiments/validate_2img_seed_v04/validate_frst_only/images/ZeroG_FlightDay_Test_C1S0014_img009542_overlay_big.png
2026-03-12 14:36:06 [INFO] __main__ - Saved COMBINED to /oscar/data/dharri15/eaguerov/Github/Bubble-tracking/bubbly_flows/tests/output/experiments/validate_2img_seed_v04/validate_frst_only/images/ZeroG_FlightDay_Test_C1S0014_img009542_overlay.png
2026-03-12 14:36:06 [INFO] __main__ - Saved LabelMe JSON to /oscar/data/dharri15/eaguerov/Github/Bubble-tracking/bubbly_flows/tests/output/experiments/validate_2img_seed_v04/validate_frst_only/images/ZeroG_FlightDay_Test_C1S0014_img009542.json
2026-03-12 14:36:06 [INFO] __main__ - All tasks completed.
