2026-03-12 14:34:30 [INFO] root - Logging initialized. Log file: /oscar/data/dharri15/eaguerov/Github/Bubble-tracking/bubbly_flows/data/frames/images_16bit_png/logs/bubble_frst_sam3_20260312_143430.log
2026-03-12 14:34:30 [INFO] __main__ - Single file mode: /oscar/data/dharri15/eaguerov/Github/Bubble-tracking/bubbly_flows/data/frames/images_16bit_png/ZeroG_FlightDay_Test_C1S0014_img006001.png
2026-03-12 14:34:30 [INFO] __main__ - Initializing FRST backend (hf)...
2026-03-12 14:34:50 [WARNING] bubbly_flows.tests.src.common.bubble_sam3.backend - SAM3 tracker not found in local cache; retrying with downloads enabled.
2026-03-12 14:34:50 [DEBUG] httpcore.connection - connect_tcp.started host='huggingface.co' port=443 local_address=None timeout=10 socket_options=None
2026-03-12 14:34:50 [DEBUG] httpcore.connection - connect_tcp.complete return_value=<httpcore._backends.sync.SyncStream object at 0x7fed2d4ff580>
2026-03-12 14:34:50 [DEBUG] httpcore.connection - start_tls.started ssl_context=<ssl.SSLContext object at 0x7fed2d86d5c0> server_hostname='huggingface.co' timeout=10
2026-03-12 14:34:50 [DEBUG] httpcore.connection - start_tls.complete return_value=<httpcore._backends.sync.SyncStream object at 0x7fed2d4ffeb0>
2026-03-12 14:34:50 [DEBUG] httpcore.http11 - send_request_headers.started request=<Request [b'GET']>
2026-03-12 14:34:50 [DEBUG] httpcore.http11 - send_request_headers.complete
2026-03-12 14:34:50 [DEBUG] httpcore.http11 - send_request_body.started request=<Request [b'GET']>
2026-03-12 14:34:50 [DEBUG] httpcore.http11 - send_request_body.complete
2026-03-12 14:34:50 [DEBUG] httpcore.http11 - receive_response_headers.started request=<Request [b'GET']>
2026-03-12 14:34:50 [DEBUG] httpcore.http11 - receive_response_headers.complete return_value=(b'HTTP/1.1', 404, b'Not Found', [(b'Content-Type', b'application/json; charset=utf-8'), (b'Content-Length', b'64'), (b'Connection', b'keep-alive'), (b'Date', b'Thu, 12 Mar 2026 18:34:50 GMT'), (b'ETag', b'W/"40-09f9IAqP13xarAhQxFS2W8rvRkM"'), (b'X-Powered-By', b'huggingface-moon'), (b'X-Request-Id', b'Root=1-69b3074a-6d8f0b2630a502c02fab256d;3a26e904-823b-4249-8aca-b8a6f500f618'), (b'RateLimit', b'"api";r=999;t=13'), (b'RateLimit-Policy', b'"fixed window";"api";q=1000;w=300'), (b'cross-origin-opener-policy', b'same-origin'), (b'Referrer-Policy', b'strict-origin-when-cross-origin'), (b'Access-Control-Max-Age', b'86400'), (b'Access-Control-Allow-Origin', b'https://huggingface.co'), (b'Vary', b'Origin'), (b'Access-Control-Expose-Headers', b'X-Repo-Commit,X-Request-Id,X-Error-Code,X-Error-Message,X-Total-Count,ETag,Link,Accept-Ranges,Content-Range,X-Linked-Size,X-Linked-ETag,X-Xet-Hash'), (b'X-Error-Code', b'EntryNotFound'), (b'X-Error-Message', b'additional_chat_templates does not exist on "main"'), (b'X-Cache', b'Error from cloudfront'), (b'Via', b'1.1 10ba2918c339c40dc987fef4e0ca1954.cloudfront.net (CloudFront)'), (b'X-Amz-Cf-Pop', b'JFK50-P9'), (b'X-Amz-Cf-Id', b'nlhPMdYoVJPDCuLS0OxmOy9fgQSiBqVvm5Y-b9gAz-d-Y2QP48rhkw==')])
2026-03-12 14:34:50 [INFO] httpx - HTTP Request: GET https://huggingface.co/api/models/facebook/sam3/tree/main/additional_chat_templates?recursive=false&expand=false "HTTP/1.1 404 Not Found"
2026-03-12 14:34:50 [DEBUG] httpcore.http11 - receive_response_body.started request=<Request [b'GET']>
2026-03-12 14:34:50 [DEBUG] httpcore.http11 - receive_response_body.complete
2026-03-12 14:34:50 [DEBUG] httpcore.http11 - response_closed.started
2026-03-12 14:34:50 [DEBUG] httpcore.http11 - response_closed.complete
2026-03-12 14:34:50 [DEBUG] httpcore.http11 - send_request_headers.started request=<Request [b'HEAD']>
2026-03-12 14:34:50 [DEBUG] httpcore.http11 - send_request_headers.complete
2026-03-12 14:34:50 [DEBUG] httpcore.http11 - send_request_body.started request=<Request [b'HEAD']>
2026-03-12 14:34:50 [DEBUG] httpcore.http11 - send_request_body.complete
2026-03-12 14:34:50 [DEBUG] httpcore.http11 - receive_response_headers.started request=<Request [b'HEAD']>
2026-03-12 14:34:50 [DEBUG] httpcore.http11 - receive_response_headers.complete return_value=(b'HTTP/1.1', 200, b'OK', [(b'Content-Type', b'text/plain; charset=utf-8'), (b'Content-Length', b'1712'), (b'Connection', b'keep-alive'), (b'Date', b'Thu, 12 Mar 2026 18:34:50 GMT'), (b'ETag', b'"9d3bd6df8a54852cd56087a3ae019cce051de2b2"'), (b'X-Powered-By', b'huggingface-moon'), (b'X-Request-Id', b'Root=1-69b3074a-7cc2779e7165b6996934b283;cbc689bc-3938-46cb-bfbb-0e7b5018c833'), (b'RateLimit', b'"resolvers";r=4999;t=13'), (b'RateLimit-Policy', b'"fixed window";"resolvers";q=5000;w=300'), (b'cross-origin-opener-policy', b'same-origin'), (b'Referrer-Policy', b'strict-origin-when-cross-origin'), (b'Access-Control-Max-Age', b'86400'), (b'Access-Control-Allow-Origin', b'https://huggingface.co'), (b'Vary', b'Origin'), (b'Access-Control-Expose-Headers', b'X-Repo-Commit,X-Request-Id,X-Error-Code,X-Error-Message,X-Total-Count,ETag,Link,Accept-Ranges,Content-Range,X-Linked-Size,X-Linked-ETag,X-Xet-Hash'), (b'X-Repo-Commit', b'3c879f39826c281e95690f02c7821c4de09afae7'), (b'Accept-Ranges', b'bytes'), (b'X-Hub-Cache', b'HIT'), (b'Content-Disposition', b'inline; filename*=UTF-8\'\'processor_config.json; filename="processor_config.json";'), (b'Content-Security-Policy', b"default-src 'none'; sandbox"), (b'X-Cache', b'Miss from cloudfront'), (b'Via', b'1.1 10ba2918c339c40dc987fef4e0ca1954.cloudfront.net (CloudFront)'), (b'X-Amz-Cf-Pop', b'JFK50-P9'), (b'X-Amz-Cf-Id', b'X51dKUybFxxrC93gnZWU8ZQWqQR_a7mQQWO8eDywf6Xb9TYL034aSg==')])
2026-03-12 14:34:50 [INFO] httpx - HTTP Request: HEAD https://huggingface.co/facebook/sam3/resolve/main/processor_config.json "HTTP/1.1 200 OK"
2026-03-12 14:34:50 [DEBUG] httpcore.http11 - receive_response_body.started request=<Request [b'HEAD']>
2026-03-12 14:34:50 [DEBUG] httpcore.http11 - receive_response_body.complete
2026-03-12 14:34:50 [DEBUG] httpcore.http11 - response_closed.started
2026-03-12 14:34:50 [DEBUG] httpcore.http11 - response_closed.complete
2026-03-12 14:34:50 [DEBUG] filelock - Attempting to acquire lock 140654451645296 on /users/eaguerov/.cache/huggingface/hub/.locks/models--facebook--sam3/9d3bd6df8a54852cd56087a3ae019cce051de2b2.lock
2026-03-12 14:34:50 [DEBUG] filelock - Lock 140654451645296 acquired on /users/eaguerov/.cache/huggingface/hub/.locks/models--facebook--sam3/9d3bd6df8a54852cd56087a3ae019cce051de2b2.lock
2026-03-12 14:34:50 [DEBUG] httpcore.http11 - send_request_headers.started request=<Request [b'GET']>
2026-03-12 14:34:50 [DEBUG] httpcore.http11 - send_request_headers.complete
2026-03-12 14:34:50 [DEBUG] httpcore.http11 - send_request_body.started request=<Request [b'GET']>
2026-03-12 14:34:50 [DEBUG] httpcore.http11 - send_request_body.complete
2026-03-12 14:34:50 [DEBUG] httpcore.http11 - receive_response_headers.started request=<Request [b'GET']>
2026-03-12 14:34:50 [DEBUG] httpcore.http11 - receive_response_headers.complete return_value=(b'HTTP/1.1', 200, b'OK', [(b'Content-Type', b'text/plain; charset=utf-8'), (b'Transfer-Encoding', b'chunked'), (b'Connection', b'keep-alive'), (b'Date', b'Thu, 12 Mar 2026 18:34:50 GMT'), (b'Content-Security-Policy', b"default-src 'none'; sandbox"), (b'Content-Disposition', b'inline; filename*=UTF-8\'\'processor_config.json; filename="processor_config.json";'), (b'X-Powered-By', b'huggingface-moon'), (b'X-Request-Id', b'Root=1-69b3074a-30bd4e057fd9a87d3df5bda6;bbea8313-95e5-473d-9de6-9997eea30a4f'), (b'RateLimit', b'"resolvers";r=4998;t=13'), (b'RateLimit-Policy', b'"fixed window";"resolvers";q=5000;w=300'), (b'cross-origin-opener-policy', b'same-origin'), (b'Referrer-Policy', b'strict-origin-when-cross-origin'), (b'Access-Control-Max-Age', b'86400'), (b'Access-Control-Allow-Origin', b'https://huggingface.co'), (b'Vary', b'Origin'), (b'vary', b'accept-encoding'), (b'Access-Control-Expose-Headers', b'X-Repo-Commit,X-Request-Id,X-Error-Code,X-Error-Message,X-Total-Count,ETag,Link,Accept-Ranges,Content-Range,X-Linked-Size,X-Linked-ETag,X-Xet-Hash'), (b'X-Repo-Commit', b'3c879f39826c281e95690f02c7821c4de09afae7'), (b'content-encoding', b'gzip'), (b'ETag', b'W/"9d3bd6df8a54852cd56087a3ae019cce051de2b2"'), (b'X-Cache', b'Miss from cloudfront'), (b'Via', b'1.1 10ba2918c339c40dc987fef4e0ca1954.cloudfront.net (CloudFront)'), (b'X-Amz-Cf-Pop', b'JFK50-P9'), (b'X-Amz-Cf-Id', b'aggtN0tXCxzMIx1sOTdvCpdsy2_2qM2m8biUXFIBwQHaMgxQF_rbeA==')])
2026-03-12 14:34:50 [INFO] httpx - HTTP Request: GET https://huggingface.co/facebook/sam3/resolve/main/processor_config.json "HTTP/1.1 200 OK"
2026-03-12 14:34:50 [DEBUG] httpcore.http11 - receive_response_body.started request=<Request [b'GET']>
2026-03-12 14:34:50 [DEBUG] httpcore.http11 - receive_response_body.complete
2026-03-12 14:34:50 [DEBUG] httpcore.http11 - response_closed.started
2026-03-12 14:34:50 [DEBUG] httpcore.http11 - response_closed.complete
2026-03-12 14:34:50 [DEBUG] filelock - Attempting to release lock 140654451645296 on /users/eaguerov/.cache/huggingface/hub/.locks/models--facebook--sam3/9d3bd6df8a54852cd56087a3ae019cce051de2b2.lock
2026-03-12 14:34:50 [DEBUG] filelock - Lock 140654451645296 released on /users/eaguerov/.cache/huggingface/hub/.locks/models--facebook--sam3/9d3bd6df8a54852cd56087a3ae019cce051de2b2.lock
2026-03-12 14:34:50 [DEBUG] httpcore.http11 - send_request_headers.started request=<Request [b'HEAD']>
2026-03-12 14:34:50 [DEBUG] httpcore.http11 - send_request_headers.complete
2026-03-12 14:34:50 [DEBUG] httpcore.http11 - send_request_body.started request=<Request [b'HEAD']>
2026-03-12 14:34:50 [DEBUG] httpcore.http11 - send_request_body.complete
2026-03-12 14:34:50 [DEBUG] httpcore.http11 - receive_response_headers.started request=<Request [b'HEAD']>
2026-03-12 14:34:50 [DEBUG] httpcore.http11 - receive_response_headers.complete return_value=(b'HTTP/1.1', 404, b'Not Found', [(b'Content-Type', b'text/plain; charset=utf-8'), (b'Content-Length', b'15'), (b'Connection', b'keep-alive'), (b'Date', b'Thu, 12 Mar 2026 18:34:50 GMT'), (b'ETag', b'W/"f-mY2VvLxuxB7KhsoOdQTlMTccuAQ"'), (b'X-Powered-By', b'huggingface-moon'), (b'X-Request-Id', b'Root=1-69b3074a-72ad00b945392c0b05510790;452fc783-4e7e-4adb-89ec-ed3df4733bee'), (b'RateLimit', b'"resolvers";r=4997;t=13'), (b'RateLimit-Policy', b'"fixed window";"resolvers";q=5000;w=300'), (b'cross-origin-opener-policy', b'same-origin'), (b'Referrer-Policy', b'strict-origin-when-cross-origin'), (b'Access-Control-Max-Age', b'86400'), (b'Access-Control-Allow-Origin', b'https://huggingface.co'), (b'Vary', b'Origin'), (b'Access-Control-Expose-Headers', b'X-Repo-Commit,X-Request-Id,X-Error-Code,X-Error-Message,X-Total-Count,ETag,Link,Accept-Ranges,Content-Range,X-Linked-Size,X-Linked-ETag,X-Xet-Hash'), (b'X-Repo-Commit', b'3c879f39826c281e95690f02c7821c4de09afae7'), (b'Accept-Ranges', b'bytes'), (b'X-Hub-Cache', b'MISS'), (b'X-Error-Code', b'EntryNotFound'), (b'X-Error-Message', b'Entry not found'), (b'X-Cache', b'Error from cloudfront'), (b'Via', b'1.1 10ba2918c339c40dc987fef4e0ca1954.cloudfront.net (CloudFront)'), (b'X-Amz-Cf-Pop', b'JFK50-P9'), (b'X-Amz-Cf-Id', b'pkli65Tsh-UgGKE7GXZ5rLh0ELffaWFJ3xeUg1fqCSRP-p-BYRcN_Q==')])
2026-03-12 14:34:50 [INFO] httpx - HTTP Request: HEAD https://huggingface.co/facebook/sam3/resolve/main/chat_template.json "HTTP/1.1 404 Not Found"
2026-03-12 14:34:50 [DEBUG] httpcore.http11 - receive_response_body.started request=<Request [b'HEAD']>
2026-03-12 14:34:50 [DEBUG] httpcore.http11 - receive_response_body.complete
2026-03-12 14:34:50 [DEBUG] httpcore.http11 - response_closed.started
2026-03-12 14:34:50 [DEBUG] httpcore.http11 - response_closed.complete
2026-03-12 14:34:50 [DEBUG] httpcore.http11 - send_request_headers.started request=<Request [b'HEAD']>
2026-03-12 14:34:50 [DEBUG] httpcore.http11 - send_request_headers.complete
2026-03-12 14:34:50 [DEBUG] httpcore.http11 - send_request_body.started request=<Request [b'HEAD']>
2026-03-12 14:34:50 [DEBUG] httpcore.http11 - send_request_body.complete
2026-03-12 14:34:50 [DEBUG] httpcore.http11 - receive_response_headers.started request=<Request [b'HEAD']>
2026-03-12 14:34:50 [DEBUG] httpcore.http11 - receive_response_headers.complete return_value=(b'HTTP/1.1', 404, b'Not Found', [(b'Content-Type', b'text/plain; charset=utf-8'), (b'Content-Length', b'15'), (b'Connection', b'keep-alive'), (b'Date', b'Thu, 12 Mar 2026 18:34:50 GMT'), (b'ETag', b'W/"f-mY2VvLxuxB7KhsoOdQTlMTccuAQ"'), (b'X-Powered-By', b'huggingface-moon'), (b'X-Request-Id', b'Root=1-69b3074a-0dff574456ee490a65c0f0c5;7bc78177-1922-4ab8-8dfe-cca3912116f5'), (b'RateLimit', b'"resolvers";r=4996;t=13'), (b'RateLimit-Policy', b'"fixed window";"resolvers";q=5000;w=300'), (b'cross-origin-opener-policy', b'same-origin'), (b'Referrer-Policy', b'strict-origin-when-cross-origin'), (b'Access-Control-Max-Age', b'86400'), (b'Access-Control-Allow-Origin', b'https://huggingface.co'), (b'Vary', b'Origin'), (b'Access-Control-Expose-Headers', b'X-Repo-Commit,X-Request-Id,X-Error-Code,X-Error-Message,X-Total-Count,ETag,Link,Accept-Ranges,Content-Range,X-Linked-Size,X-Linked-ETag,X-Xet-Hash'), (b'X-Repo-Commit', b'3c879f39826c281e95690f02c7821c4de09afae7'), (b'Accept-Ranges', b'bytes'), (b'X-Hub-Cache', b'MISS'), (b'X-Error-Code', b'EntryNotFound'), (b'X-Error-Message', b'Entry not found'), (b'X-Cache', b'Error from cloudfront'), (b'Via', b'1.1 10ba2918c339c40dc987fef4e0ca1954.cloudfront.net (CloudFront)'), (b'X-Amz-Cf-Pop', b'JFK50-P9'), (b'X-Amz-Cf-Id', b'moIQUZDMs3Tub3tbRqeh59eLX93XGzo68remp2s_NvwHL6PZd4o7qA==')])
2026-03-12 14:34:50 [INFO] httpx - HTTP Request: HEAD https://huggingface.co/facebook/sam3/resolve/main/chat_template.jinja "HTTP/1.1 404 Not Found"
2026-03-12 14:34:50 [DEBUG] httpcore.http11 - receive_response_body.started request=<Request [b'HEAD']>
2026-03-12 14:34:50 [DEBUG] httpcore.http11 - receive_response_body.complete
2026-03-12 14:34:50 [DEBUG] httpcore.http11 - response_closed.started
2026-03-12 14:34:50 [DEBUG] httpcore.http11 - response_closed.complete
2026-03-12 14:34:50 [DEBUG] httpcore.http11 - send_request_headers.started request=<Request [b'HEAD']>
2026-03-12 14:34:50 [DEBUG] httpcore.http11 - send_request_headers.complete
2026-03-12 14:34:50 [DEBUG] httpcore.http11 - send_request_body.started request=<Request [b'HEAD']>
2026-03-12 14:34:50 [DEBUG] httpcore.http11 - send_request_body.complete
2026-03-12 14:34:50 [DEBUG] httpcore.http11 - receive_response_headers.started request=<Request [b'HEAD']>
2026-03-12 14:34:50 [DEBUG] httpcore.http11 - receive_response_headers.complete return_value=(b'HTTP/1.1', 404, b'Not Found', [(b'Content-Type', b'text/plain; charset=utf-8'), (b'Content-Length', b'15'), (b'Connection', b'keep-alive'), (b'Date', b'Thu, 12 Mar 2026 18:34:50 GMT'), (b'ETag', b'W/"f-mY2VvLxuxB7KhsoOdQTlMTccuAQ"'), (b'X-Powered-By', b'huggingface-moon'), (b'X-Request-Id', b'Root=1-69b3074a-0e8b1c5010b077e7477c1415;3e051366-f1fd-4e6a-b2f9-6483bf1b2a5c'), (b'RateLimit', b'"resolvers";r=4995;t=13'), (b'RateLimit-Policy', b'"fixed window";"resolvers";q=5000;w=300'), (b'cross-origin-opener-policy', b'same-origin'), (b'Referrer-Policy', b'strict-origin-when-cross-origin'), (b'Access-Control-Max-Age', b'86400'), (b'Access-Control-Allow-Origin', b'https://huggingface.co'), (b'Vary', b'Origin'), (b'Access-Control-Expose-Headers', b'X-Repo-Commit,X-Request-Id,X-Error-Code,X-Error-Message,X-Total-Count,ETag,Link,Accept-Ranges,Content-Range,X-Linked-Size,X-Linked-ETag,X-Xet-Hash'), (b'X-Repo-Commit', b'3c879f39826c281e95690f02c7821c4de09afae7'), (b'Accept-Ranges', b'bytes'), (b'X-Hub-Cache', b'MISS'), (b'X-Error-Code', b'EntryNotFound'), (b'X-Error-Message', b'Entry not found'), (b'X-Cache', b'Error from cloudfront'), (b'Via', b'1.1 10ba2918c339c40dc987fef4e0ca1954.cloudfront.net (CloudFront)'), (b'X-Amz-Cf-Pop', b'JFK50-P9'), (b'X-Amz-Cf-Id', b'OZO6T-fQXbeNh3mtbQ7DrmHhWnweYCVMscxWVnRMSzEPUZn2YVPb1g==')])
2026-03-12 14:34:50 [INFO] httpx - HTTP Request: HEAD https://huggingface.co/facebook/sam3/resolve/main/audio_tokenizer_config.json "HTTP/1.1 404 Not Found"
2026-03-12 14:34:50 [DEBUG] httpcore.http11 - receive_response_body.started request=<Request [b'HEAD']>
2026-03-12 14:34:50 [DEBUG] httpcore.http11 - receive_response_body.complete
2026-03-12 14:34:50 [DEBUG] httpcore.http11 - response_closed.started
2026-03-12 14:34:50 [DEBUG] httpcore.http11 - response_closed.complete
2026-03-12 14:34:50 [DEBUG] httpcore.http11 - send_request_headers.started request=<Request [b'HEAD']>
2026-03-12 14:34:50 [DEBUG] httpcore.http11 - send_request_headers.complete
2026-03-12 14:34:50 [DEBUG] httpcore.http11 - send_request_body.started request=<Request [b'HEAD']>
2026-03-12 14:34:50 [DEBUG] httpcore.http11 - send_request_body.complete
2026-03-12 14:34:50 [DEBUG] httpcore.http11 - receive_response_headers.started request=<Request [b'HEAD']>
2026-03-12 14:34:50 [DEBUG] httpcore.http11 - receive_response_headers.complete return_value=(b'HTTP/1.1', 200, b'OK', [(b'Content-Type', b'text/plain; charset=utf-8'), (b'Content-Length', b'1712'), (b'Connection', b'keep-alive'), (b'Date', b'Thu, 12 Mar 2026 18:34:50 GMT'), (b'ETag', b'"9d3bd6df8a54852cd56087a3ae019cce051de2b2"'), (b'X-Powered-By', b'huggingface-moon'), (b'X-Request-Id', b'Root=1-69b3074a-7a53627e0bd6e6517c4ebe17;cdcb6bad-e292-4802-af47-aef777cf6e73'), (b'RateLimit', b'"resolvers";r=4994;t=13'), (b'RateLimit-Policy', b'"fixed window";"resolvers";q=5000;w=300'), (b'cross-origin-opener-policy', b'same-origin'), (b'Referrer-Policy', b'strict-origin-when-cross-origin'), (b'Access-Control-Max-Age', b'86400'), (b'Access-Control-Allow-Origin', b'https://huggingface.co'), (b'Vary', b'Origin'), (b'Access-Control-Expose-Headers', b'X-Repo-Commit,X-Request-Id,X-Error-Code,X-Error-Message,X-Total-Count,ETag,Link,Accept-Ranges,Content-Range,X-Linked-Size,X-Linked-ETag,X-Xet-Hash'), (b'X-Repo-Commit', b'3c879f39826c281e95690f02c7821c4de09afae7'), (b'Accept-Ranges', b'bytes'), (b'X-Hub-Cache', b'HIT'), (b'Content-Disposition', b'inline; filename*=UTF-8\'\'processor_config.json; filename="processor_config.json";'), (b'Content-Security-Policy', b"default-src 'none'; sandbox"), (b'X-Cache', b'Miss from cloudfront'), (b'Via', b'1.1 10ba2918c339c40dc987fef4e0ca1954.cloudfront.net (CloudFront)'), (b'X-Amz-Cf-Pop', b'JFK50-P9'), (b'X-Amz-Cf-Id', b'HUAX76ktArmXunSNcK2BSpPzlgNzoTyQIX53Y3Z4C8dl199BJymRCQ==')])
2026-03-12 14:34:50 [INFO] httpx - HTTP Request: HEAD https://huggingface.co/facebook/sam3/resolve/main/processor_config.json "HTTP/1.1 200 OK"
2026-03-12 14:34:50 [DEBUG] httpcore.http11 - receive_response_body.started request=<Request [b'HEAD']>
2026-03-12 14:34:50 [DEBUG] httpcore.http11 - receive_response_body.complete
2026-03-12 14:34:50 [DEBUG] httpcore.http11 - response_closed.started
2026-03-12 14:34:50 [DEBUG] httpcore.http11 - response_closed.complete
2026-03-12 14:34:50 [DEBUG] httpcore.http11 - send_request_headers.started request=<Request [b'HEAD']>
2026-03-12 14:34:50 [DEBUG] httpcore.http11 - send_request_headers.complete
2026-03-12 14:34:50 [DEBUG] httpcore.http11 - send_request_body.started request=<Request [b'HEAD']>
2026-03-12 14:34:50 [DEBUG] httpcore.http11 - send_request_body.complete
2026-03-12 14:34:50 [DEBUG] httpcore.http11 - receive_response_headers.started request=<Request [b'HEAD']>
2026-03-12 14:34:50 [DEBUG] httpcore.http11 - receive_response_headers.complete return_value=(b'HTTP/1.1', 404, b'Not Found', [(b'Content-Type', b'text/plain; charset=utf-8'), (b'Content-Length', b'15'), (b'Connection', b'keep-alive'), (b'Date', b'Thu, 12 Mar 2026 18:34:50 GMT'), (b'ETag', b'W/"f-mY2VvLxuxB7KhsoOdQTlMTccuAQ"'), (b'X-Powered-By', b'huggingface-moon'), (b'X-Request-Id', b'Root=1-69b3074a-23ac78207d13e1a335db4c91;a9ab45c2-0c98-4dc6-a37e-f743c3e9b826'), (b'RateLimit', b'"resolvers";r=4993;t=13'), (b'RateLimit-Policy', b'"fixed window";"resolvers";q=5000;w=300'), (b'cross-origin-opener-policy', b'same-origin'), (b'Referrer-Policy', b'strict-origin-when-cross-origin'), (b'Access-Control-Max-Age', b'86400'), (b'Access-Control-Allow-Origin', b'https://huggingface.co'), (b'Vary', b'Origin'), (b'Access-Control-Expose-Headers', b'X-Repo-Commit,X-Request-Id,X-Error-Code,X-Error-Message,X-Total-Count,ETag,Link,Accept-Ranges,Content-Range,X-Linked-Size,X-Linked-ETag,X-Xet-Hash'), (b'X-Repo-Commit', b'3c879f39826c281e95690f02c7821c4de09afae7'), (b'Accept-Ranges', b'bytes'), (b'X-Hub-Cache', b'MISS'), (b'X-Error-Code', b'EntryNotFound'), (b'X-Error-Message', b'Entry not found'), (b'X-Cache', b'Error from cloudfront'), (b'Via', b'1.1 10ba2918c339c40dc987fef4e0ca1954.cloudfront.net (CloudFront)'), (b'X-Amz-Cf-Pop', b'JFK50-P9'), (b'X-Amz-Cf-Id', b'dnCvmHDHjVWs57dNDqZ4nnKlT-QwMRgQ0LEIvfbtoIql5uyCZ92ttg==')])
2026-03-12 14:34:50 [INFO] httpx - HTTP Request: HEAD https://huggingface.co/facebook/sam3/resolve/main/preprocessor_config.json "HTTP/1.1 404 Not Found"
2026-03-12 14:34:50 [DEBUG] httpcore.http11 - receive_response_body.started request=<Request [b'HEAD']>
2026-03-12 14:34:50 [DEBUG] httpcore.http11 - receive_response_body.complete
2026-03-12 14:34:50 [DEBUG] httpcore.http11 - response_closed.started
2026-03-12 14:34:50 [DEBUG] httpcore.http11 - response_closed.complete
2026-03-12 14:34:50 [DEBUG] httpcore.http11 - send_request_headers.started request=<Request [b'HEAD']>
2026-03-12 14:34:50 [DEBUG] httpcore.http11 - send_request_headers.complete
2026-03-12 14:34:50 [DEBUG] httpcore.http11 - send_request_body.started request=<Request [b'HEAD']>
2026-03-12 14:34:50 [DEBUG] httpcore.http11 - send_request_body.complete
2026-03-12 14:34:50 [DEBUG] httpcore.http11 - receive_response_headers.started request=<Request [b'HEAD']>
2026-03-12 14:34:50 [DEBUG] httpcore.http11 - receive_response_headers.complete return_value=(b'HTTP/1.1', 200, b'OK', [(b'Content-Type', b'text/plain; charset=utf-8'), (b'Content-Length', b'1712'), (b'Connection', b'keep-alive'), (b'Date', b'Thu, 12 Mar 2026 18:34:50 GMT'), (b'ETag', b'"9d3bd6df8a54852cd56087a3ae019cce051de2b2"'), (b'X-Powered-By', b'huggingface-moon'), (b'X-Request-Id', b'Root=1-69b3074a-317806636de64aba6942d4d1;ef2d1d06-627f-4520-8f48-75d6aec33d51'), (b'RateLimit', b'"resolvers";r=4992;t=13'), (b'RateLimit-Policy', b'"fixed window";"resolvers";q=5000;w=300'), (b'cross-origin-opener-policy', b'same-origin'), (b'Referrer-Policy', b'strict-origin-when-cross-origin'), (b'Access-Control-Max-Age', b'86400'), (b'Access-Control-Allow-Origin', b'https://huggingface.co'), (b'Vary', b'Origin'), (b'Access-Control-Expose-Headers', b'X-Repo-Commit,X-Request-Id,X-Error-Code,X-Error-Message,X-Total-Count,ETag,Link,Accept-Ranges,Content-Range,X-Linked-Size,X-Linked-ETag,X-Xet-Hash'), (b'X-Repo-Commit', b'3c879f39826c281e95690f02c7821c4de09afae7'), (b'Accept-Ranges', b'bytes'), (b'X-Hub-Cache', b'HIT'), (b'Content-Disposition', b'inline; filename*=UTF-8\'\'processor_config.json; filename="processor_config.json";'), (b'Content-Security-Policy', b"default-src 'none'; sandbox"), (b'X-Cache', b'Miss from cloudfront'), (b'Via', b'1.1 10ba2918c339c40dc987fef4e0ca1954.cloudfront.net (CloudFront)'), (b'X-Amz-Cf-Pop', b'JFK50-P9'), (b'X-Amz-Cf-Id', b'8yn1Q7D91-gsXoFGLWuRnBCxISPvwoIuAp8Zrmjh7onxMoN1FdsCeg==')])
2026-03-12 14:34:50 [INFO] httpx - HTTP Request: HEAD https://huggingface.co/facebook/sam3/resolve/main/processor_config.json "HTTP/1.1 200 OK"
2026-03-12 14:34:50 [DEBUG] httpcore.http11 - receive_response_body.started request=<Request [b'HEAD']>
2026-03-12 14:34:50 [DEBUG] httpcore.http11 - receive_response_body.complete
2026-03-12 14:34:50 [DEBUG] httpcore.http11 - response_closed.started
2026-03-12 14:34:50 [DEBUG] httpcore.http11 - response_closed.complete
2026-03-12 14:34:50 [DEBUG] httpcore.http11 - send_request_headers.started request=<Request [b'HEAD']>
2026-03-12 14:34:50 [DEBUG] httpcore.http11 - send_request_headers.complete
2026-03-12 14:34:50 [DEBUG] httpcore.http11 - send_request_body.started request=<Request [b'HEAD']>
2026-03-12 14:34:50 [DEBUG] httpcore.http11 - send_request_body.complete
2026-03-12 14:34:50 [DEBUG] httpcore.http11 - receive_response_headers.started request=<Request [b'HEAD']>
2026-03-12 14:34:50 [DEBUG] httpcore.http11 - receive_response_headers.complete return_value=(b'HTTP/1.1', 404, b'Not Found', [(b'Content-Type', b'text/plain; charset=utf-8'), (b'Content-Length', b'15'), (b'Connection', b'keep-alive'), (b'Date', b'Thu, 12 Mar 2026 18:34:50 GMT'), (b'ETag', b'W/"f-mY2VvLxuxB7KhsoOdQTlMTccuAQ"'), (b'X-Powered-By', b'huggingface-moon'), (b'X-Request-Id', b'Root=1-69b3074a-2d6cf25f208c8d9d63826a0b;fc5c47ce-ed2c-4f50-8ae4-7a2d907bf3bd'), (b'RateLimit', b'"resolvers";r=4991;t=13'), (b'RateLimit-Policy', b'"fixed window";"resolvers";q=5000;w=300'), (b'cross-origin-opener-policy', b'same-origin'), (b'Referrer-Policy', b'strict-origin-when-cross-origin'), (b'Access-Control-Max-Age', b'86400'), (b'Access-Control-Allow-Origin', b'https://huggingface.co'), (b'Vary', b'Origin'), (b'Access-Control-Expose-Headers', b'X-Repo-Commit,X-Request-Id,X-Error-Code,X-Error-Message,X-Total-Count,ETag,Link,Accept-Ranges,Content-Range,X-Linked-Size,X-Linked-ETag,X-Xet-Hash'), (b'X-Repo-Commit', b'3c879f39826c281e95690f02c7821c4de09afae7'), (b'Accept-Ranges', b'bytes'), (b'X-Hub-Cache', b'MISS'), (b'X-Error-Code', b'EntryNotFound'), (b'X-Error-Message', b'Entry not found'), (b'X-Cache', b'Error from cloudfront'), (b'Via', b'1.1 10ba2918c339c40dc987fef4e0ca1954.cloudfront.net (CloudFront)'), (b'X-Amz-Cf-Pop', b'JFK50-P9'), (b'X-Amz-Cf-Id', b'qD0CXW2PHm7yc2GEwuuPl_MX3YqL_AaCTHrp8sLS2HG0mFxSzELtdw==')])
2026-03-12 14:34:50 [INFO] httpx - HTTP Request: HEAD https://huggingface.co/facebook/sam3/resolve/main/preprocessor_config.json "HTTP/1.1 404 Not Found"
2026-03-12 14:34:50 [DEBUG] httpcore.http11 - receive_response_body.started request=<Request [b'HEAD']>
2026-03-12 14:34:50 [DEBUG] httpcore.http11 - receive_response_body.complete
2026-03-12 14:34:50 [DEBUG] httpcore.http11 - response_closed.started
2026-03-12 14:34:50 [DEBUG] httpcore.http11 - response_closed.complete
2026-03-12 14:34:50 [DEBUG] httpcore.http11 - send_request_headers.started request=<Request [b'HEAD']>
2026-03-12 14:34:50 [DEBUG] httpcore.http11 - send_request_headers.complete
2026-03-12 14:34:50 [DEBUG] httpcore.http11 - send_request_body.started request=<Request [b'HEAD']>
2026-03-12 14:34:50 [DEBUG] httpcore.http11 - send_request_body.complete
2026-03-12 14:34:50 [DEBUG] httpcore.http11 - receive_response_headers.started request=<Request [b'HEAD']>
2026-03-12 14:34:50 [DEBUG] httpcore.http11 - receive_response_headers.complete return_value=(b'HTTP/1.1', 200, b'OK', [(b'Content-Type', b'text/plain; charset=utf-8'), (b'Content-Length', b'25843'), (b'Connection', b'keep-alive'), (b'Date', b'Thu, 12 Mar 2026 18:34:50 GMT'), (b'ETag', b'"3e600e765b0f1b4c52680aed9ad242c9a90f7ed1"'), (b'X-Powered-By', b'huggingface-moon'), (b'X-Request-Id', b'Root=1-69b3074a-6efe82ae743a7c86419d4ceb;d28c47db-3314-4ba8-add2-f3fe4a4775a0'), (b'RateLimit', b'"resolvers";r=4990;t=13'), (b'RateLimit-Policy', b'"fixed window";"resolvers";q=5000;w=300'), (b'cross-origin-opener-policy', b'same-origin'), (b'Referrer-Policy', b'strict-origin-when-cross-origin'), (b'Access-Control-Max-Age', b'86400'), (b'Access-Control-Allow-Origin', b'https://huggingface.co'), (b'Vary', b'Origin'), (b'Access-Control-Expose-Headers', b'X-Repo-Commit,X-Request-Id,X-Error-Code,X-Error-Message,X-Total-Count,ETag,Link,Accept-Ranges,Content-Range,X-Linked-Size,X-Linked-ETag,X-Xet-Hash'), (b'X-Repo-Commit', b'3c879f39826c281e95690f02c7821c4de09afae7'), (b'Accept-Ranges', b'bytes'), (b'X-Hub-Cache', b'HIT'), (b'Content-Disposition', b'inline; filename*=UTF-8\'\'config.json; filename="config.json";'), (b'Content-Security-Policy', b"default-src 'none'; sandbox"), (b'X-Cache', b'Miss from cloudfront'), (b'Via', b'1.1 10ba2918c339c40dc987fef4e0ca1954.cloudfront.net (CloudFront)'), (b'X-Amz-Cf-Pop', b'JFK50-P9'), (b'X-Amz-Cf-Id', b'bSRtIZVYroEol4MiGhRLqKHevsXBgp6JrVUCRXw9BFHTUEJVQf3MSQ==')])
2026-03-12 14:34:50 [INFO] httpx - HTTP Request: HEAD https://huggingface.co/facebook/sam3/resolve/main/config.json "HTTP/1.1 200 OK"
2026-03-12 14:34:50 [DEBUG] httpcore.http11 - receive_response_body.started request=<Request [b'HEAD']>
2026-03-12 14:34:50 [DEBUG] httpcore.http11 - receive_response_body.complete
2026-03-12 14:34:50 [DEBUG] httpcore.http11 - response_closed.started
2026-03-12 14:34:50 [DEBUG] httpcore.http11 - response_closed.complete
2026-03-12 14:34:50 [DEBUG] httpcore.http11 - send_request_headers.started request=<Request [b'HEAD']>
2026-03-12 14:34:50 [DEBUG] httpcore.http11 - send_request_headers.complete
2026-03-12 14:34:50 [DEBUG] httpcore.http11 - send_request_body.started request=<Request [b'HEAD']>
2026-03-12 14:34:50 [DEBUG] httpcore.http11 - send_request_body.complete
2026-03-12 14:34:50 [DEBUG] httpcore.http11 - receive_response_headers.started request=<Request [b'HEAD']>
2026-03-12 14:34:50 [DEBUG] httpcore.http11 - receive_response_headers.complete return_value=(b'HTTP/1.1', 302, b'Found', [(b'Content-Type', b'text/plain; charset=utf-8'), (b'Content-Length', b'1363'), (b'Connection', b'keep-alive'), (b'Date', b'Thu, 12 Mar 2026 18:34:50 GMT'), (b'Location', b'https://cas-bridge.xethub.hf.co/xet-bridge-us/690d80fc9f252aa897a1dc6d/1ebb91a10cf694d5b65a18dda24bac6445f6e74ecae2809f9c19df49b58fed03?X-Amz-Algorithm=AWS4-HMAC-SHA256&X-Amz-Content-Sha256=UNSIGNED-PAYLOAD&X-Amz-Credential=cas%2F20260312%2Fus-east-1%2Fs3%2Faws4_request&X-Amz-Date=20260312T180522Z&X-Amz-Expires=3600&X-Amz-Signature=880056a29fc87534f7d13d40012debed79cbf89389bdfd1486fd0ee1f2387e85&X-Amz-SignedHeaders=host&X-Xet-Cas-Uid=61112d669b722d4fc36114db&response-content-disposition=inline%3B+filename*%3DUTF-8%27%27model.safetensors%3B+filename%3D%22model.safetensors%22%3B&x-amz-checksum-mode=ENABLED&x-id=GetObject&Expires=1773342322&Policy=eyJTdGF0ZW1lbnQiOlt7IkNvbmRpdGlvbiI6eyJEYXRlTGVzc1RoYW4iOnsiQVdTOkVwb2NoVGltZSI6MTc3MzM0MjMyMn19LCJSZXNvdXJjZSI6Imh0dHBzOi8vY2FzLWJyaWRnZS54ZXRodWIuaGYuY28veGV0LWJyaWRnZS11cy82OTBkODBmYzlmMjUyYWE4OTdhMWRjNmQvMWViYjkxYTEwY2Y2OTRkNWI2NWExOGRkYTI0YmFjNjQ0NWY2ZTc0ZWNhZTI4MDlmOWMxOWRmNDliNThmZWQwMyoifV19&Signature=AsHULgDy9NkKemOR8PYtmNous4EjiQxQuQxbM0z5KPr4%7EHIaLKrTTlbGASpYrbjZtPrM1gmAx1-UXAzcFFnPKUCQ5nZVP8NTu-GSd9FXmz166-73xGXiEw6qRRFNQf2qmbRFwsiHGAQSU1uguGUJ9WaBEqh1%7EcbL382fKV6jIsF8oV8l1uI-UilHWb-tCMeUdBCUenLv3ukFsgTz-L2rc4k8h2MQevdc7VYY9H1ZeklKQRLUICK%7EI22sYJJf4K8pbfVqCR5e9dGYfwmEBcFuVMeR7ymjFA6GKS72ECXEshVOG-3mn2C8fPBNAU3k6JZ3jnKNYLuiEkPIcd0RO6u1kA__&Key-Pair-Id=K2L8F4GPSG1IFC'), (b'X-Powered-By', b'huggingface-moon'), (b'X-Request-Id', b'Root=1-69b3074a-2373557a52de4fa9486eb709;8b19e9db-a9ad-4520-94b6-73925b9a9963'), (b'RateLimit', b'"resolvers";r=4989;t=13'), (b'RateLimit-Policy', b'"fixed window";"resolvers";q=5000;w=300'), (b'cross-origin-opener-policy', b'same-origin'), (b'Referrer-Policy', b'strict-origin-when-cross-origin'), (b'Access-Control-Max-Age', b'86400'), (b'Access-Control-Allow-Origin', b'https://huggingface.co'), (b'Vary', b'Origin, Accept'), (b'Access-Control-Expose-Headers', b'X-Repo-Commit,X-Request-Id,X-Error-Code,X-Error-Message,X-Total-Count,ETag,Link,Accept-Ranges,Content-Range,X-Linked-Size,X-Linked-ETag,X-Xet-Hash'), (b'X-Repo-Commit', b'3c879f39826c281e95690f02c7821c4de09afae7'), (b'Accept-Ranges', b'bytes'), (b'X-Hub-Cache', b'HIT'), (b'X-Linked-Size', b'3439938512'), (b'X-Linked-ETag', b'"6d06f0a5f84e435071fe6603e61d0b4cc7b40e0d39d487cfd4d67d8cc11cc14a"'), (b'X-Xet-Hash', b'1ebb91a10cf694d5b65a18dda24bac6445f6e74ecae2809f9c19df49b58fed03'), (b'Link', b'<https://huggingface.co/api/models/facebook/sam3/xet-read-token/3c879f39826c281e95690f02c7821c4de09afae7>; rel="xet-auth", <https://cas-server.xethub.hf.co/v1/reconstructions/1ebb91a10cf694d5b65a18dda24bac6445f6e74ecae2809f9c19df49b58fed03>; rel="xet-reconstruction-info"'), (b'X-Cache', b'Miss from cloudfront'), (b'Via', b'1.1 10ba2918c339c40dc987fef4e0ca1954.cloudfront.net (CloudFront)'), (b'X-Amz-Cf-Pop', b'JFK50-P9'), (b'X-Amz-Cf-Id', b'Ou0Yd8Rg0sMgw_TOL_2XCrgwiekRLzmIzLjHgiHj1t2xMMt1knIx3w==')])
2026-03-12 14:34:50 [INFO] httpx - HTTP Request: HEAD https://huggingface.co/facebook/sam3/resolve/main/model.safetensors "HTTP/1.1 302 Found"
2026-03-12 14:34:50 [DEBUG] httpcore.http11 - receive_response_body.started request=<Request [b'HEAD']>
2026-03-12 14:34:50 [DEBUG] httpcore.http11 - receive_response_body.complete
2026-03-12 14:34:50 [DEBUG] httpcore.http11 - response_closed.started
2026-03-12 14:34:50 [DEBUG] httpcore.http11 - response_closed.complete
2026-03-12 14:34:50 [DEBUG] filelock - Attempting to acquire lock 140654451642032 on /users/eaguerov/.cache/huggingface/hub/.locks/models--facebook--sam3/6d06f0a5f84e435071fe6603e61d0b4cc7b40e0d39d487cfd4d67d8cc11cc14a.lock
2026-03-12 14:34:50 [DEBUG] filelock - Lock 140654451642032 acquired on /users/eaguerov/.cache/huggingface/hub/.locks/models--facebook--sam3/6d06f0a5f84e435071fe6603e61d0b4cc7b40e0d39d487cfd4d67d8cc11cc14a.lock
2026-03-12 14:34:50 [DEBUG] httpcore.http11 - send_request_headers.started request=<Request [b'GET']>
2026-03-12 14:34:50 [DEBUG] httpcore.http11 - send_request_headers.complete
2026-03-12 14:34:50 [DEBUG] httpcore.http11 - send_request_body.started request=<Request [b'GET']>
2026-03-12 14:34:50 [DEBUG] httpcore.http11 - send_request_body.complete
2026-03-12 14:34:50 [DEBUG] httpcore.http11 - receive_response_headers.started request=<Request [b'GET']>
2026-03-12 14:34:50 [DEBUG] httpcore.http11 - receive_response_headers.complete return_value=(b'HTTP/1.1', 200, b'OK', [(b'Content-Type', b'application/json; charset=utf-8'), (b'Content-Length', b'417'), (b'Connection', b'keep-alive'), (b'Date', b'Thu, 12 Mar 2026 18:34:50 GMT'), (b'ETag', b'W/"1a1-04b6gRWM5CjFVVXYWOGiw9GYsPw"'), (b'X-Powered-By', b'huggingface-moon'), (b'X-Request-Id', b'Root=1-69b3074a-1e34a32625a40ce81e397d16;4d33f329-b49b-42cc-8045-870e1b4e1933'), (b'RateLimit', b'"api";r=998;t=13'), (b'RateLimit-Policy', b'"fixed window";"api";q=1000;w=300'), (b'cross-origin-opener-policy', b'same-origin'), (b'Referrer-Policy', b'strict-origin-when-cross-origin'), (b'Access-Control-Max-Age', b'86400'), (b'Access-Control-Allow-Origin', b'https://huggingface.co'), (b'Vary', b'Origin'), (b'Access-Control-Expose-Headers', b'X-Repo-Commit,X-Request-Id,X-Error-Code,X-Error-Message,X-Total-Count,ETag,Link,Accept-Ranges,Content-Range,X-Linked-Size,X-Linked-ETag,X-Xet-Hash'), (b'X-Xet-Cas-Url', b'https://cas-server.xethub.hf.co'), (b'X-Xet-Token-Expiration', b'1773341390'), (b'X-Xet-Access-Token', b'eyJhbGciOiJIUzI1NiJ9.eyJyZXBvSWQiOiI2OTBkODBmYzlmMjUyYWE4OTdhMWRjNmQiLCJ1c2VySWQiOiI2OTM0ZWRiMzgwY2I2ODg2YjA2YWNiY2YiLCJhY2Nlc3MiOiJSRUFEIiwidXNlUHJpdmF0ZUxpbmsiOmZhbHNlLCJoZkNkblRpZXIiOiJhdXRoZW50aWNhdGVkIiwiaWF0IjoxNzczMzQwNDkwLCJleHAiOjE3NzMzNDEzOTAsImlzcyI6Imh0dHBzOi8vaHVnZ2luZ2ZhY2UuY28ifQ.ao8NXDTycEZbLNBsAab9pnDpg76CYb3COt42C6XMxf8'), (b'X-Cache', b'Miss from cloudfront'), (b'Via', b'1.1 10ba2918c339c40dc987fef4e0ca1954.cloudfront.net (CloudFront)'), (b'X-Amz-Cf-Pop', b'JFK50-P9'), (b'X-Amz-Cf-Id', b'7zVLdRoL3Cxc3vW-ra7XKN3aV5QEcmDhZilRwMPf6xWUfO5KTAmuog==')])
2026-03-12 14:34:50 [INFO] httpx - HTTP Request: GET https://huggingface.co/api/models/facebook/sam3/xet-read-token/3c879f39826c281e95690f02c7821c4de09afae7 "HTTP/1.1 200 OK"
2026-03-12 14:34:50 [DEBUG] httpcore.http11 - receive_response_body.started request=<Request [b'GET']>
2026-03-12 14:34:50 [DEBUG] httpcore.http11 - receive_response_body.complete
2026-03-12 14:34:50 [DEBUG] httpcore.http11 - response_closed.started
2026-03-12 14:34:50 [DEBUG] httpcore.http11 - response_closed.complete
2026-03-12 14:35:19 [DEBUG] filelock - Attempting to release lock 140654451642032 on /users/eaguerov/.cache/huggingface/hub/.locks/models--facebook--sam3/6d06f0a5f84e435071fe6603e61d0b4cc7b40e0d39d487cfd4d67d8cc11cc14a.lock
2026-03-12 14:35:19 [DEBUG] filelock - Lock 140654451642032 released on /users/eaguerov/.cache/huggingface/hub/.locks/models--facebook--sam3/6d06f0a5f84e435071fe6603e61d0b4cc7b40e0d39d487cfd4d67d8cc11cc14a.lock
2026-03-12 14:35:26 [INFO] __main__ - --- File 1/1: ZeroG_FlightDay_Test_C1S0014_img006001.png ---
2026-03-12 14:35:26 [INFO] __main__ - Processing: /oscar/data/dharri15/eaguerov/Github/Bubble-tracking/bubbly_flows/data/frames/images_16bit_png/ZeroG_FlightDay_Test_C1S0014_img006001.png
2026-03-12 14:35:26 [DEBUG] PIL.PngImagePlugin - STREAM b'IHDR' 16 13
2026-03-12 14:35:26 [DEBUG] PIL.PngImagePlugin - STREAM b'bKGD' 41 2
2026-03-12 14:35:26 [DEBUG] PIL.PngImagePlugin - b'bKGD' 41 2 (unknown)
2026-03-12 14:35:26 [DEBUG] PIL.PngImagePlugin - STREAM b'orNT' 55 1
2026-03-12 14:35:26 [DEBUG] PIL.PngImagePlugin - b'orNT' 55 1 (unknown)
2026-03-12 14:35:26 [DEBUG] PIL.PngImagePlugin - STREAM b'IDAT' 68 32768
2026-03-12 14:35:26 [DEBUG] PIL.PngImagePlugin - STREAM b'tEXt' 1462962 37
2026-03-12 14:35:26 [DEBUG] PIL.PngImagePlugin - STREAM b'tEXt' 1463011 37
2026-03-12 14:35:26 [DEBUG] PIL.PngImagePlugin - STREAM b'tEXt' 1463060 40
2026-03-12 14:35:26 [DEBUG] PIL.PngImagePlugin - STREAM b'tEXt' 1463112 15
2026-03-12 14:35:26 [DEBUG] PIL.PngImagePlugin - STREAM b'tEXt' 1463139 29
2026-03-12 14:35:26 [DEBUG] PIL.PngImagePlugin - STREAM b'tEXt' 1463180 21
2026-03-12 14:35:27 [INFO] __main__ - FRST detected 570 centers
2026-03-12 14:35:39 [INFO] __main__ - Point pass totals: masks=920 discarded_large=0 (limit=10000 px)
2026-03-12 14:35:39 [INFO] bubbly_flows.tests.src.common.bubble_sam3.postprocess - Consolidation replacements due to containment: 0
2026-03-12 14:35:39 [INFO] __main__ - Instances: FRST=619, ADAPTIVE=0, BIG=0, COMBINED=321
2026-03-12 14:35:39 [INFO] __main__ - Saved FRST to /oscar/data/dharri15/eaguerov/Github/Bubble-tracking/bubbly_flows/tests/output/experiments/validate_2img_seed_v04/validate_frst_only/images/ZeroG_FlightDay_Test_C1S0014_img006001_overlay_frst.png
2026-03-12 14:35:40 [INFO] __main__ - Saved ADAPTIVE to /oscar/data/dharri15/eaguerov/Github/Bubble-tracking/bubbly_flows/tests/output/experiments/validate_2img_seed_v04/validate_frst_only/images/ZeroG_FlightDay_Test_C1S0014_img006001_overlay_blackhat.png
2026-03-12 14:35:40 [INFO] __main__ - Saved BIG to /oscar/data/dharri15/eaguerov/Github/Bubble-tracking/bubbly_flows/tests/output/experiments/validate_2img_seed_v04/validate_frst_only/images/ZeroG_FlightDay_Test_C1S0014_img006001_overlay_big.png
2026-03-12 14:35:40 [INFO] __main__ - Saved COMBINED to /oscar/data/dharri15/eaguerov/Github/Bubble-tracking/bubbly_flows/tests/output/experiments/validate_2img_seed_v04/validate_frst_only/images/ZeroG_FlightDay_Test_C1S0014_img006001_overlay.png
2026-03-12 14:35:40 [INFO] __main__ - Saved LabelMe JSON to /oscar/data/dharri15/eaguerov/Github/Bubble-tracking/bubbly_flows/tests/output/experiments/validate_2img_seed_v04/validate_frst_only/images/ZeroG_FlightDay_Test_C1S0014_img006001.json
2026-03-12 14:35:40 [INFO] __main__ - All tasks completed.
2026-03-12 14:35:40 [DEBUG] httpcore.connection - close.started
2026-03-12 14:35:40 [DEBUG] httpcore.connection - close.complete
