2026-03-12 14:41:00 [INFO] root - Logging initialized. Log file: /oscar/data/dharri15/eaguerov/Github/Bubble-tracking/bubbly_flows/data/frames/images_16bit_png/logs/bubble_frst_sam3_20260312_144100.log
2026-03-12 14:41:00 [INFO] __main__ - Single file mode: /oscar/data/dharri15/eaguerov/Github/Bubble-tracking/bubbly_flows/data/frames/images_16bit_png/ZeroG_FlightDay_Test_C1S0014_img006001.png
2026-03-12 14:41:00 [INFO] __main__ - Initializing FRST backend (hf)...
2026-03-12 14:41:09 [INFO] __main__ - Initializing PCS backend...
2026-03-12 14:41:16 [INFO] __main__ - --- File 1/1: ZeroG_FlightDay_Test_C1S0014_img006001.png ---
2026-03-12 14:41:16 [INFO] __main__ - Processing: /oscar/data/dharri15/eaguerov/Github/Bubble-tracking/bubbly_flows/data/frames/images_16bit_png/ZeroG_FlightDay_Test_C1S0014_img006001.png
2026-03-12 14:41:16 [DEBUG] PIL.PngImagePlugin - STREAM b'IHDR' 16 13
2026-03-12 14:41:16 [DEBUG] PIL.PngImagePlugin - STREAM b'bKGD' 41 2
2026-03-12 14:41:16 [DEBUG] PIL.PngImagePlugin - b'bKGD' 41 2 (unknown)
2026-03-12 14:41:16 [DEBUG] PIL.PngImagePlugin - STREAM b'orNT' 55 1
2026-03-12 14:41:16 [DEBUG] PIL.PngImagePlugin - b'orNT' 55 1 (unknown)
2026-03-12 14:41:16 [DEBUG] PIL.PngImagePlugin - STREAM b'IDAT' 68 32768
2026-03-12 14:41:16 [DEBUG] PIL.PngImagePlugin - STREAM b'tEXt' 1462962 37
2026-03-12 14:41:16 [DEBUG] PIL.PngImagePlugin - STREAM b'tEXt' 1463011 37
2026-03-12 14:41:16 [DEBUG] PIL.PngImagePlugin - STREAM b'tEXt' 1463060 40
2026-03-12 14:41:16 [DEBUG] PIL.PngImagePlugin - STREAM b'tEXt' 1463112 15
2026-03-12 14:41:16 [DEBUG] PIL.PngImagePlugin - STREAM b'tEXt' 1463139 29
2026-03-12 14:41:16 [DEBUG] PIL.PngImagePlugin - STREAM b'tEXt' 1463180 21
2026-03-12 14:41:17 [INFO] __main__ - FRST detected 570 centers
2026-03-12 14:41:27 [INFO] __main__ - Point pass totals: masks=920 discarded_large=0 (limit=10000 px)
2026-03-12 14:41:27 [INFO] __main__ - Adaptive Threshold found 138 instances.
2026-03-12 14:41:27 [INFO] __main__ - PCS produced 0 micro-text masks
2026-03-12 14:41:27 [ERROR] __main__ - Failed to process /oscar/data/dharri15/eaguerov/Github/Bubble-tracking/bubbly_flows/data/frames/images_16bit_png/ZeroG_FlightDay_Test_C1S0014_img006001.png
Traceback (most recent call last):
  File "/oscar/data/dharri15/eaguerov/Github/Bubble-tracking/bubbly_flows/tests/src/prompting/big_bubble_prompt_fb.py", line 17, in <module>
    from sam3.model_builder import build_sam3_image_model
ModuleNotFoundError: No module named 'sam3'

The above exception was the direct cause of the following exception:

Traceback (most recent call last):
  File "/oscar/data/dharri15/eaguerov/Github/Bubble-tracking/bubbly_flows/tests/src/hybrid/bubble_frst_sam3_mask.py", line 1434, in main
    process_single_image(
  File "/oscar/data/dharri15/eaguerov/Github/Bubble-tracking/bubbly_flows/tests/src/hybrid/bubble_frst_sam3_mask.py", line 1269, in process_single_image
    from bubbly_flows.tests.src.prompting.big_bubble_prompt_fb import run_big_prompt as run_big_prompt_fb
  File "/oscar/data/dharri15/eaguerov/Github/Bubble-tracking/bubbly_flows/tests/src/prompting/big_bubble_prompt_fb.py", line 20, in <module>
    raise RuntimeError("sam3 package is required for facebookresearch backend.") from exc
RuntimeError: sam3 package is required for facebookresearch backend.
2026-03-12 14:41:27 [INFO] __main__ - All tasks completed.
